[INFO] Scanning for projects...
[INFO] 
[INFO] -------------------------< io.com:llmguardian >-------------------------
[INFO] Building llmguardian 0.0.1-SNAPSHOT
[INFO]   from pom.xml
[INFO] --------------------------------[ jar ]---------------------------------
[INFO] 
[INFO] --- resources:3.3.1:resources (default-resources) @ llmguardian ---
[INFO] Copying 2 resources from src\main\resources to target\classes
[INFO] Copying 0 resource from src\main\resources to target\classes
[INFO] 
[INFO] --- compiler:3.14.1:compile (default-compile) @ llmguardian ---
[INFO] Nothing to compile - all classes are up to date.
[INFO] 
[INFO] --- resources:3.3.1:testResources (default-testResources) @ llmguardian ---
[INFO] skip non existing resourceDirectory C:\Users\kashi\OneDrive\Desktop\Full_StackProjects\llmguardian\llmguardian\src\test\resources
[INFO] 
[INFO] --- compiler:3.14.1:testCompile (default-testCompile) @ llmguardian ---
[INFO] Recompiling the module because of changed source code.
[INFO] Compiling 3 source files with javac [debug parameters release 21] to target\test-classes
[INFO] -------------------------------------------------------------
[ERROR] COMPILATION ERROR : 
[INFO] -------------------------------------------------------------
[ERROR] /C:/Users/kashi/OneDrive/Desktop/Full_StackProjects/llmguardian/llmguardian/src/test/java/io/com/llmguardian/api/controller/CompletionControllerE2ETest.java:[17,1] class, interface, enum, or record expected
[ERROR] /C:/Users/kashi/OneDrive/Desktop/Full_StackProjects/llmguardian/llmguardian/src/test/java/io/com/llmguardian/api/controller/CompletionControllerE2ETest.java:[19,1] class, interface, enum, or record expected
[ERROR] /C:/Users/kashi/OneDrive/Desktop/Full_StackProjects/llmguardian/llmguardian/src/test/java/io/com/llmguardian/api/controller/CompletionControllerE2ETest.java:[20,1] class, interface, enum, or record expected
[ERROR] /C:/Users/kashi/OneDrive/Desktop/Full_StackProjects/llmguardian/llmguardian/src/test/java/io/com/llmguardian/api/controller/CompletionControllerE2ETest.java:[21,1] class, interface, enum, or record expected
[ERROR] /C:/Users/kashi/OneDrive/Desktop/Full_StackProjects/llmguardian/llmguardian/src/test/java/io/com/llmguardian/api/controller/CompletionControllerE2ETest.java:[22,1] class, interface, enum, or record expected
[ERROR] /C:/Users/kashi/OneDrive/Desktop/Full_StackProjects/llmguardian/llmguardian/src/test/java/io/com/llmguardian/api/controller/CompletionControllerE2ETest.java:[23,1] class, interface, enum, or record expected
[ERROR] /C:/Users/kashi/OneDrive/Desktop/Full_StackProjects/llmguardian/llmguardian/src/test/java/io/com/llmguardian/api/controller/CompletionControllerE2ETest.java:[24,1] class, interface, enum, or record expected
[ERROR] /C:/Users/kashi/OneDrive/Desktop/Full_StackProjects/llmguardian/llmguardian/src/test/java/io/com/llmguardian/api/controller/CompletionControllerE2ETest.java:[26,1] class, interface, enum, or record expected
[ERROR] /C:/Users/kashi/OneDrive/Desktop/Full_StackProjects/llmguardian/llmguardian/src/test/java/io/com/llmguardian/api/controller/CompletionControllerE2ETest.java:[27,1] class, interface, enum, or record expected
[ERROR] /C:/Users/kashi/OneDrive/Desktop/Full_StackProjects/llmguardian/llmguardian/src/test/java/io/com/llmguardian/api/controller/CompletionControllerE2ETest.java:[28,1] class, interface, enum, or record expected
[ERROR] /C:/Users/kashi/OneDrive/Desktop/Full_StackProjects/llmguardian/llmguardian/src/test/java/io/com/llmguardian/api/controller/CompletionControllerE2ETest.java:[29,1] class, interface, enum, or record expected
[ERROR] /C:/Users/kashi/OneDrive/Desktop/Full_StackProjects/llmguardian/llmguardian/src/test/java/io/com/llmguardian/api/controller/CompletionControllerE2ETest.java:[30,1] class, interface, enum, or record expected
[ERROR] /C:/Users/kashi/OneDrive/Desktop/Full_StackProjects/llmguardian/llmguardian/src/test/java/io/com/llmguardian/api/controller/CompletionControllerE2ETest.java:[31,1] class, interface, enum, or record expected
[ERROR] /C:/Users/kashi/OneDrive/Desktop/Full_StackProjects/llmguardian/llmguardian/src/test/java/io/com/llmguardian/api/controller/CompletionControllerE2ETest.java:[32,1] class, interface, enum, or record expected
[ERROR] /C:/Users/kashi/OneDrive/Desktop/Full_StackProjects/llmguardian/llmguardian/src/test/java/io/com/llmguardian/api/controller/CompletionControllerE2ETest.java:[33,1] class, interface, enum, or record expected
[ERROR] /C:/Users/kashi/OneDrive/Desktop/Full_StackProjects/llmguardian/llmguardian/src/test/java/io/com/llmguardian/api/controller/CompletionControllerE2ETest.java:[34,1] class, interface, enum, or record expected
[ERROR] /C:/Users/kashi/OneDrive/Desktop/Full_StackProjects/llmguardian/llmguardian/src/test/java/io/com/llmguardian/api/controller/CompletionControllerE2ETest.java:[35,1] class, interface, enum, or record expected
[INFO] 17 errors 
[INFO] -------------------------------------------------------------
[INFO] ------------------------------------------------------------------------
[INFO] BUILD FAILURE
[INFO] ------------------------------------------------------------------------
[INFO] Total time:  3.134 s
[INFO] Finished at: 2025-11-24T02:00:46+05:30
[INFO] ------------------------------------------------------------------------
[ERROR] Failed to execute goal org.apache.maven.plugins:maven-compiler-plugin:3.14.1:testCompile (default-testCompile) on project llmguardian: Compilation failure: Compilation failure: 
[ERROR] /C:/Users/kashi/OneDrive/Desktop/Full_StackProjects/llmguardian/llmguardian/src/test/java/io/com/llmguardian/api/controller/CompletionControllerE2ETest.java:[17,1] class, interface, enum, or record expected
[ERROR] /C:/Users/kashi/OneDrive/Desktop/Full_StackProjects/llmguardian/llmguardian/src/test/java/io/com/llmguardian/api/controller/CompletionControllerE2ETest.java:[19,1] class, interface, enum, or record expected
[ERROR] /C:/Users/kashi/OneDrive/Desktop/Full_StackProjects/llmguardian/llmguardian/src/test/java/io/com/llmguardian/api/controller/CompletionControllerE2ETest.java:[20,1] class, interface, enum, or record expected
[ERROR] /C:/Users/kashi/OneDrive/Desktop/Full_StackProjects/llmguardian/llmguardian/src/test/java/io/com/llmguardian/api/controller/CompletionControllerE2ETest.java:[21,1] class, interface, enum, or record expected
[ERROR] /C:/Users/kashi/OneDrive/Desktop/Full_StackProjects/llmguardian/llmguardian/src/test/java/io/com/llmguardian/api/controller/CompletionControllerE2ETest.java:[22,1] class, interface, enum, or record expected
[ERROR] /C:/Users/kashi/OneDrive/Desktop/Full_StackProjects/llmguardian/llmguardian/src/test/java/io/com/llmguardian/api/controller/CompletionControllerE2ETest.java:[23,1] class, interface, enum, or record expected
[ERROR] /C:/Users/kashi/OneDrive/Desktop/Full_StackProjects/llmguardian/llmguardian/src/test/java/io/com/llmguardian/api/controller/CompletionControllerE2ETest.java:[24,1] class, interface, enum, or record expected
[ERROR] /C:/Users/kashi/OneDrive/Desktop/Full_StackProjects/llmguardian/llmguardian/src/test/java/io/com/llmguardian/api/controller/CompletionControllerE2ETest.java:[26,1] class, interface, enum, or record expected
[ERROR] /C:/Users/kashi/OneDrive/Desktop/Full_StackProjects/llmguardian/llmguardian/src/test/java/io/com/llmguardian/api/controller/CompletionControllerE2ETest.java:[27,1] class, interface, enum, or record expected
[ERROR] /C:/Users/kashi/OneDrive/Desktop/Full_StackProjects/llmguardian/llmguardian/src/test/java/io/com/llmguardian/api/controller/CompletionControllerE2ETest.java:[28,1] class, interface, enum, or record expected
[ERROR] /C:/Users/kashi/OneDrive/Desktop/Full_StackProjects/llmguardian/llmguardian/src/test/java/io/com/llmguardian/api/controller/CompletionControllerE2ETest.java:[29,1] class, interface, enum, or record expected
[ERROR] /C:/Users/kashi/OneDrive/Desktop/Full_StackProjects/llmguardian/llmguardian/src/test/java/io/com/llmguardian/api/controller/CompletionControllerE2ETest.java:[30,1] class, interface, enum, or record expected
[ERROR] /C:/Users/kashi/OneDrive/Desktop/Full_StackProjects/llmguardian/llmguardian/src/test/java/io/com/llmguardian/api/controller/CompletionControllerE2ETest.java:[31,1] class, interface, enum, or record expected
[ERROR] /C:/Users/kashi/OneDrive/Desktop/Full_StackProjects/llmguardian/llmguardian/src/test/java/io/com/llmguardian/api/controller/CompletionControllerE2ETest.java:[32,1] class, interface, enum, or record expected
[ERROR] /C:/Users/kashi/OneDrive/Desktop/Full_StackProjects/llmguardian/llmguardian/src/test/java/io/com/llmguardian/api/controller/CompletionControllerE2ETest.java:[33,1] class, interface, enum, or record expected
[ERROR] /C:/Users/kashi/OneDrive/Desktop/Full_StackProjects/llmguardian/llmguardian/src/test/java/io/com/llmguardian/api/controller/CompletionControllerE2ETest.java:[34,1] class, interface, enum, or record expected
[ERROR] /C:/Users/kashi/OneDrive/Desktop/Full_StackProjects/llmguardian/llmguardian/src/test/java/io/com/llmguardian/api/controller/CompletionControllerE2ETest.java:[35,1] class, interface, enum, or record expected
[ERROR] -> [Help 1]
[ERROR] 
[ERROR] To see the full stack trace of the errors, re-run Maven with the -e switch.
[ERROR] Re-run Maven using the -X switch to enable full debug logging.
[ERROR] 
[ERROR] For more information about the errors and possible solutions, please read the following articles:
[ERROR] [Help 1] http://cwiki.apache.org/confluence/display/MAVEN/MojoFailureException
